﻿
> sais-frontend@1.0.0 build
> vite build

[36mvite v5.4.21 [32mbuilding for production...[36m[39m
transforming...
[32mΓ£ô[39m 3101 modules transformed.
node.exe : 
[31mx[39m Build 
failed in 4.24s
At line:1 char:1
+ & "C:\Program Files\
nodejs/node.exe" 
"C:\Program 
Files\nodejs/node_mo 
...
+ ~~~~~~~~~~~~~~~~~~~~
~~~~~~~~~~~~~~~~~~~~~~
~~~~~~~~~~~~~~~~~~~~~~
~~~~~
    + CategoryInfo    
          : NotSpeci  
  fied: ([31mx[39   
 m Build failed in    
 4.24s:String) []    
, RemoteException
    + FullyQualifiedE 
   rrorId : NativeCo  
  mmandError
 
[31merror during 
build:
[31msrc/hooks/useClas
sNotifications.js 
(3:7): "default" is 
not exported by 
"src/lib/api.js", 
imported by "src/hooks
/useClassNotifications
.js".[31m
file: [36mC:/Users/ja
son/Downloads/Automata
_26_ApexCode/frontend/
src/hooks/useClassNoti
fications.js:3:7[31m
[33m
1: import { 
useEffect, useRef, 
useState } from 
'react';
2: import { 
notificationService } 
from '../services/noti
ficationService';
3: import api from 
'../lib/api';
          ^
4: 
5: export function use
ClassNotifications() {
[31m
    at getRollupError 
(file:///C:/Users/jaso
n/Downloads/Automata_2
6_ApexCode/frontend/no
de_modules/rollup/dist
/es/shared/parseAst.js
:402:41)
    at error (file:///
C:/Users/jason/Downloa
ds/Automata_26_ApexCod
e/frontend/node_module
s/rollup/dist/es/share
d/parseAst.js:398:42)
    at Module.error (f
ile:///C:/Users/jason/
Downloads/Automata_26_
ApexCode/frontend/node
_modules/rollup/dist/e
s/shared/node-entry.js
:17040:16)
    at 
Module.traceVariable (
file:///C:/Users/jason
/Downloads/Automata_26
_ApexCode/frontend/nod
e_modules/rollup/dist/
es/shared/node-entry.j
s:17452:29)
    at ModuleScope.fin
dVariable (file:///C:/
Users/jason/Downloads/
Automata_26_ApexCode/f
rontend/node_modules/r
ollup/dist/es/shared/n
ode-entry.js:15070:39)
    at FunctionScope.f
indVariable (file:///C
:/Users/jason/Download
s/Automata_26_ApexCode
/frontend/node_modules
/rollup/dist/es/shared
/node-entry.js:5673:38
)
    at FunctionBodySco
pe.findVariable (file:
///C:/Users/jason/Down
loads/Automata_26_Apex
Code/frontend/node_mod
ules/rollup/dist/es/sh
ared/node-entry.js:567
3:38)
    at ReturnValueScop
e.findVariable (file:/
//C:/Users/jason/Downl
oads/Automata_26_ApexC
ode/frontend/node_modu
les/rollup/dist/es/sha
red/node-entry.js:5673
:38)
    at FunctionBodySco
pe.findVariable (file:
///C:/Users/jason/Down
loads/Automata_26_Apex
Code/frontend/node_mod
ules/rollup/dist/es/sh
ared/node-entry.js:567
3:38)
    at BlockScope.find
Variable (file:///C:/U
sers/jason/Downloads/A
utomata_26_ApexCode/fr
ontend/node_modules/ro
llup/dist/es/shared/no
de-entry.js:5673:38)[
39m
